VmHWM:	    1904 kB
VmRSS:	    1904 kB
VmHWM:	  172432 kB
VmRSS:	  172432 kB
VmHWM:	  938920 kB
VmRSS:	  938920 kB
VmHWM:	 1220940 kB
VmRSS:	 1220940 kB
VmHWM:	 1341852 kB
VmRSS:	 1198556 kB
VmHWM:	 1341852 kB
VmRSS:	 1138472 kB
VmHWM:	 1341852 kB
VmRSS:	 1158908 kB
VmHWM:	 1341852 kB
VmRSS:	 1200868 kB
VmHWM:	 1341852 kB
VmRSS:	 1233120 kB
VmHWM:	 1341852 kB
VmRSS:	 1251948 kB
VmHWM:	 1341852 kB
VmRSS:	 1217112 kB
VmHWM:	 1341852 kB
VmRSS:	 1224648 kB
VmHWM:	 1341852 kB
VmRSS:	 1257608 kB
VmHWM:	 1341852 kB
VmRSS:	 1273800 kB
VmHWM:	 1341852 kB
VmRSS:	 1306624 kB
VmHWM:	 1341852 kB
VmRSS:	 1326332 kB
VmHWM:	 1341852 kB
VmRSS:	 1309568 kB
VmHWM:	 1341852 kB
VmRSS:	 1326616 kB
VmHWM:	 1341852 kB
VmRSS:	 1340616 kB
VmHWM:	 1357908 kB
VmRSS:	 1347520 kB
VmHWM:	 1361656 kB
VmRSS:	 1361656 kB
VmHWM:	 1363348 kB
VmRSS:	 1362556 kB
VmHWM:	 1363348 kB
VmRSS:	 1362452 kB
VmHWM:	 1363348 kB
VmRSS:	 1362452 kB
VmHWM:	 1363348 kB
VmRSS:	 1362452 kB
VmHWM:	 1363348 kB
VmRSS:	 1362452 kB
VmHWM:	 1363348 kB
VmRSS:	 1362452 kB
VmHWM:	 1363348 kB
VmRSS:	 1359216 kB
VmHWM:	 1363348 kB
VmRSS:	 1355084 kB
VmHWM:	 1363348 kB
VmRSS:	 1234064 kB
VmHWM:	 1363348 kB
VmRSS:	 1228420 kB
VmHWM:	 1363348 kB
VmRSS:	 1252732 kB
VmHWM:	 1363348 kB
VmRSS:	 1253724 kB
VmHWM:	 1363348 kB
VmRSS:	 1247044 kB
VmHWM:	 1363348 kB
VmRSS:	 1236960 kB
VmHWM:	 1363348 kB
VmRSS:	 1249236 kB
VmHWM:	 1363348 kB
VmRSS:	 1222028 kB
VmHWM:	 1363348 kB
VmRSS:	 1146924 kB
VmHWM:	 1363348 kB
VmRSS:	 1166396 kB
VmHWM:	 1363348 kB
VmRSS:	 1183084 kB
VmHWM:	 1363348 kB
VmRSS:	 1216808 kB
VmHWM:	 1363348 kB
VmRSS:	 1218072 kB
VmHWM:	 1363348 kB
VmRSS:	 1181656 kB
VmHWM:	 1363348 kB
VmRSS:	  427532 kB
