VmHWM:	   12236 kB
VmRSS:	   12236 kB
VmHWM:	  545248 kB
VmRSS:	  545248 kB
VmHWM:	  666040 kB
VmRSS:	  545488 kB
VmHWM:	 1815864 kB
VmRSS:	 1682340 kB
VmHWM:	 1815864 kB
VmRSS:	 1642164 kB
VmHWM:	 1815864 kB
VmRSS:	 1633336 kB
VmHWM:	 1815864 kB
VmRSS:	 1649416 kB
VmHWM:	 1815864 kB
VmRSS:	 1649352 kB
VmHWM:	 1815864 kB
VmRSS:	 1661128 kB
VmHWM:	 1815864 kB
VmRSS:	 1719832 kB
VmHWM:	 1815864 kB
VmRSS:	 1697560 kB
VmHWM:	 1815864 kB
VmRSS:	 1696044 kB
VmHWM:	 1815864 kB
VmRSS:	 1692420 kB
VmHWM:	 1815864 kB
VmRSS:	 1700228 kB
VmHWM:	 1815864 kB
VmRSS:	 1696856 kB
VmHWM:	 1815864 kB
VmRSS:	 1696300 kB
VmHWM:	 1815864 kB
VmRSS:	 1696296 kB
VmHWM:	 1815864 kB
VmRSS:	 1696384 kB
VmHWM:	 1815864 kB
VmRSS:	 1696408 kB
VmHWM:	 1815864 kB
VmRSS:	 1696312 kB
VmHWM:	 1815864 kB
VmRSS:	 1696512 kB
VmHWM:	 1815864 kB
VmRSS:	 1696356 kB
VmHWM:	 1815864 kB
VmRSS:	 1696444 kB
VmHWM:	 1815864 kB
VmRSS:	 1696352 kB
VmHWM:	 1815864 kB
VmRSS:	 1696452 kB
VmHWM:	 1815864 kB
VmRSS:	 1696452 kB
VmHWM:	 1815864 kB
VmRSS:	 1696516 kB
VmHWM:	 1815864 kB
VmRSS:	 1696504 kB
VmHWM:	 1815864 kB
VmRSS:	 1696548 kB
VmHWM:	 1815864 kB
VmRSS:	 1696648 kB
VmHWM:	 1815864 kB
VmRSS:	 1696648 kB
VmHWM:	 1815864 kB
VmRSS:	 1696648 kB
VmHWM:	 1815864 kB
VmRSS:	 1696296 kB
VmHWM:	 1815864 kB
VmRSS:	 1696296 kB
VmHWM:	 1815864 kB
VmRSS:	 1696432 kB
VmHWM:	 1815864 kB
VmRSS:	 1696472 kB
VmHWM:	 1815864 kB
VmRSS:	 1696512 kB
VmHWM:	 1815864 kB
VmRSS:	 1697012 kB
VmHWM:	 1815864 kB
VmRSS:	 1696564 kB
VmHWM:	 1815864 kB
VmRSS:	 1696492 kB
VmHWM:	 1815864 kB
VmRSS:	 1696356 kB
VmHWM:	 1815864 kB
VmRSS:	 1696540 kB
VmHWM:	 1815864 kB
VmRSS:	 1696532 kB
VmHWM:	 1815864 kB
VmRSS:	 1696464 kB
VmHWM:	 1815864 kB
VmRSS:	 1696536 kB
VmHWM:	 1815864 kB
VmRSS:	 1696640 kB
VmHWM:	 1815864 kB
VmRSS:	 1696640 kB
VmHWM:	 1815864 kB
VmRSS:	 1696616 kB
VmHWM:	 1815864 kB
VmRSS:	 1696612 kB
VmHWM:	 1815864 kB
VmRSS:	 1696336 kB
VmHWM:	 1815864 kB
VmRSS:	 1696408 kB
VmHWM:	 1815864 kB
VmRSS:	 1696336 kB
VmHWM:	 1815864 kB
VmRSS:	 1696552 kB
VmHWM:	 1815864 kB
VmRSS:	 1696556 kB
VmHWM:	 1815864 kB
VmRSS:	 1696668 kB
VmHWM:	 1815864 kB
VmRSS:	 1696452 kB
VmHWM:	 1815864 kB
VmRSS:	 1696576 kB
VmHWM:	 1815864 kB
VmRSS:	 1696660 kB
VmHWM:	 1815864 kB
VmRSS:	 1696648 kB
VmHWM:	 1815864 kB
VmRSS:	 1696644 kB
VmHWM:	 1815864 kB
VmRSS:	 1696784 kB
VmHWM:	 1815864 kB
VmRSS:	 1696340 kB
VmHWM:	 1815864 kB
VmRSS:	 1696412 kB
VmHWM:	 1815864 kB
VmRSS:	 1696388 kB
VmHWM:	 1815864 kB
VmRSS:	 1696772 kB
VmHWM:	 1815864 kB
VmRSS:	 1696996 kB
VmHWM:	 1815864 kB
VmRSS:	 1696556 kB
VmHWM:	 1815864 kB
VmRSS:	 1696568 kB
VmHWM:	 1815864 kB
VmRSS:	 1696724 kB
VmHWM:	 1815864 kB
VmRSS:	 1696624 kB
VmHWM:	 1815864 kB
VmRSS:	 1696624 kB
VmHWM:	 1815864 kB
VmRSS:	 1696692 kB
VmHWM:	 1815864 kB
VmRSS:	 1696692 kB
VmHWM:	 1815864 kB
VmRSS:	 1696360 kB
VmHWM:	 1815864 kB
VmRSS:	 1696364 kB
VmHWM:	 1815864 kB
VmRSS:	 1696516 kB
VmHWM:	 1815864 kB
VmRSS:	 1696544 kB
VmHWM:	 1815864 kB
VmRSS:	 1696544 kB
VmHWM:	 1815864 kB
VmRSS:	 1696360 kB
VmHWM:	 1815864 kB
VmRSS:	 1696376 kB
VmHWM:	 1815864 kB
VmRSS:	 1696376 kB
VmHWM:	 1815864 kB
VmRSS:	 1696480 kB
VmHWM:	 1815864 kB
VmRSS:	 1696496 kB
VmHWM:	 1815864 kB
VmRSS:	 1696420 kB
VmHWM:	 1815864 kB
VmRSS:	 1696360 kB
VmHWM:	 1815864 kB
VmRSS:	 1696356 kB
VmHWM:	 1815864 kB
VmRSS:	 1696316 kB
VmHWM:	 1815864 kB
VmRSS:	 1696364 kB
VmHWM:	 1815864 kB
VmRSS:	 1696364 kB
VmHWM:	 1815864 kB
VmRSS:	 1696404 kB
VmHWM:	 1815864 kB
VmRSS:	 1697324 kB
VmHWM:	 1815864 kB
VmRSS:	 1697324 kB
VmHWM:	 1815864 kB
VmRSS:	 1697344 kB
VmHWM:	 1815864 kB
VmRSS:	 1696648 kB
VmHWM:	 1815864 kB
VmRSS:	 1696648 kB
VmHWM:	 1815864 kB
VmRSS:	 1696648 kB
VmHWM:	 1815864 kB
VmRSS:	 1696640 kB
VmHWM:	 1815864 kB
VmRSS:	 1696740 kB
VmHWM:	 1815864 kB
VmRSS:	 1696840 kB
VmHWM:	 1815864 kB
VmRSS:	 1696840 kB
VmHWM:	 1815864 kB
VmRSS:	 1696840 kB
VmHWM:	 1815864 kB
VmRSS:	 1697236 kB
VmHWM:	 1815864 kB
VmRSS:	 1697100 kB
VmHWM:	 1815864 kB
VmRSS:	 1697068 kB
VmHWM:	 1815864 kB
VmRSS:	 1696552 kB
VmHWM:	 1815864 kB
VmRSS:	 1696636 kB
VmHWM:	 1815864 kB
VmRSS:	 1696744 kB
VmHWM:	 1815864 kB
VmRSS:	 1696744 kB
VmHWM:	 1815864 kB
VmRSS:	 1696848 kB
VmHWM:	 1815864 kB
VmRSS:	 1697044 kB
VmHWM:	 1815864 kB
VmRSS:	 1696824 kB
VmHWM:	 1815864 kB
VmRSS:	 1696364 kB
VmHWM:	 1815864 kB
VmRSS:	 1696436 kB
VmHWM:	 1815864 kB
VmRSS:	 1696436 kB
VmHWM:	 1815864 kB
VmRSS:	 1696368 kB
VmHWM:	 1815864 kB
VmRSS:	 1696964 kB
VmHWM:	 1815864 kB
VmRSS:	 1696740 kB
VmHWM:	 1815864 kB
VmRSS:	 1696552 kB
VmHWM:	 1815864 kB
VmRSS:	 1696300 kB
VmHWM:	 1815864 kB
VmRSS:	 1696524 kB
VmHWM:	 1815864 kB
VmRSS:	 1696336 kB
VmHWM:	 1815864 kB
VmRSS:	 1696452 kB
VmHWM:	 1815864 kB
VmRSS:	 1696360 kB
VmHWM:	 1815864 kB
VmRSS:	 1696368 kB
VmHWM:	 1815864 kB
VmRSS:	 1696532 kB
VmHWM:	 1815864 kB
VmRSS:	 1696460 kB
VmHWM:	 1815864 kB
VmRSS:	 1696360 kB
VmHWM:	 1815864 kB
VmRSS:	 1696952 kB
VmHWM:	 1815864 kB
VmRSS:	 1696908 kB
VmHWM:	 1815864 kB
VmRSS:	 1696668 kB
VmHWM:	 1815864 kB
VmRSS:	 1696648 kB
VmHWM:	 1815864 kB
VmRSS:	 1696748 kB
VmHWM:	 1815864 kB
VmRSS:	 1696612 kB
VmHWM:	 1815864 kB
VmRSS:	 1696352 kB
VmHWM:	 1815864 kB
VmRSS:	 1696552 kB
VmHWM:	 1815864 kB
VmRSS:	 1696312 kB
VmHWM:	 1815864 kB
VmRSS:	 1696388 kB
VmHWM:	 1815864 kB
VmRSS:	 1696388 kB
VmHWM:	 1815864 kB
VmRSS:	 1696508 kB
VmHWM:	 1815864 kB
VmRSS:	 1696952 kB
VmHWM:	 1815864 kB
VmRSS:	 1697056 kB
VmHWM:	 1815864 kB
VmRSS:	 1696560 kB
VmHWM:	 1815864 kB
VmRSS:	 1696904 kB
VmHWM:	 1815864 kB
VmRSS:	 1696904 kB
VmHWM:	 1815864 kB
VmRSS:	 1696904 kB
VmHWM:	 1815864 kB
VmRSS:	 1696904 kB
VmHWM:	 1815864 kB
VmRSS:	 1697008 kB
VmHWM:	 1815864 kB
VmRSS:	 1697116 kB
VmHWM:	 1815864 kB
VmRSS:	 1697116 kB
VmHWM:	 1815864 kB
VmRSS:	 1696776 kB
VmHWM:	 1815864 kB
VmRSS:	 1696368 kB
VmHWM:	 1815864 kB
VmRSS:	 1696312 kB
VmHWM:	 1815864 kB
VmRSS:	 1696436 kB
VmHWM:	 1815864 kB
VmRSS:	 1696436 kB
VmHWM:	 1815864 kB
VmRSS:	 1696412 kB
VmHWM:	 1815864 kB
VmRSS:	 1697312 kB
