VmHWM:	    2412 kB
VmRSS:	    2412 kB
VmHWM:	   76224 kB
VmRSS:	   46204 kB
VmHWM:	  669576 kB
VmRSS:	  550200 kB
VmHWM:	 1118364 kB
VmRSS:	 1118364 kB
VmHWM:	 1374180 kB
VmRSS:	 1349436 kB
VmHWM:	 1374356 kB
VmRSS:	 1088188 kB
VmHWM:	 1374356 kB
VmRSS:	  889756 kB
VmHWM:	 1374356 kB
VmRSS:	  866540 kB
VmHWM:	 1374356 kB
VmRSS:	  923472 kB
VmHWM:	 1374356 kB
VmRSS:	  945804 kB
VmHWM:	 1374356 kB
VmRSS:	  969760 kB
VmHWM:	 1374356 kB
VmRSS:	  991996 kB
VmHWM:	 1374356 kB
VmRSS:	 1009900 kB
VmHWM:	 1374356 kB
VmRSS:	 1034952 kB
VmHWM:	 1374356 kB
VmRSS:	 1060472 kB
VmHWM:	 1374356 kB
VmRSS:	 1076860 kB
VmHWM:	 1374356 kB
VmRSS:	 1095136 kB
VmHWM:	 1374356 kB
VmRSS:	 1114468 kB
VmHWM:	 1374356 kB
VmRSS:	 1134324 kB
VmHWM:	 1374356 kB
VmRSS:	 1160456 kB
VmHWM:	 1374356 kB
VmRSS:	 1163964 kB
VmHWM:	 1374356 kB
VmRSS:	 1119520 kB
VmHWM:	 1374356 kB
VmRSS:	 1137960 kB
VmHWM:	 1374356 kB
VmRSS:	 1153928 kB
VmHWM:	 1374356 kB
VmRSS:	 1175720 kB
VmHWM:	 1374356 kB
VmRSS:	 1154280 kB
VmHWM:	 1374356 kB
VmRSS:	  990920 kB
VmHWM:	 1374356 kB
VmRSS:	  899172 kB
VmHWM:	 1374356 kB
VmRSS:	  919320 kB
VmHWM:	 1374356 kB
VmRSS:	  943392 kB
VmHWM:	 1374356 kB
VmRSS:	  967072 kB
VmHWM:	 1374356 kB
VmRSS:	  997520 kB
VmHWM:	 1374356 kB
VmRSS:	 1021752 kB
VmHWM:	 1374356 kB
VmRSS:	 1042912 kB
VmHWM:	 1374356 kB
VmRSS:	 1063504 kB
VmHWM:	 1374356 kB
VmRSS:	 1084604 kB
VmHWM:	 1374356 kB
VmRSS:	 1106192 kB
VmHWM:	 1374356 kB
VmRSS:	 1127180 kB
VmHWM:	 1374356 kB
VmRSS:	 1150984 kB
VmHWM:	 1374356 kB
VmRSS:	 1094840 kB
VmHWM:	 1374356 kB
VmRSS:	  947616 kB
VmHWM:	 1374356 kB
VmRSS:	  833316 kB
VmHWM:	 1374356 kB
VmRSS:	  835148 kB
VmHWM:	 1374356 kB
VmRSS:	  865288 kB
VmHWM:	 1374356 kB
VmRSS:	  862724 kB
VmHWM:	 1374356 kB
VmRSS:	  862556 kB
VmHWM:	 1374356 kB
VmRSS:	  862540 kB
VmHWM:	 1374356 kB
VmRSS:	  862732 kB
VmHWM:	 1374356 kB
VmRSS:	  862564 kB
VmHWM:	 1374356 kB
VmRSS:	  862880 kB
VmHWM:	 1374356 kB
VmRSS:	  862632 kB
VmHWM:	 1374356 kB
VmRSS:	  862524 kB
VmHWM:	 1374356 kB
VmRSS:	  862488 kB
VmHWM:	 1374356 kB
VmRSS:	  862408 kB
VmHWM:	 1374356 kB
VmRSS:	  862604 kB
VmHWM:	 1374356 kB
VmRSS:	  862396 kB
VmHWM:	 1374356 kB
VmRSS:	  862364 kB
VmHWM:	 1374356 kB
VmRSS:	  862364 kB
VmHWM:	 1374356 kB
VmRSS:	  862300 kB
VmHWM:	 1374356 kB
VmRSS:	  862680 kB
VmHWM:	 1374356 kB
VmRSS:	  862324 kB
VmHWM:	 1374356 kB
VmRSS:	  862028 kB
VmHWM:	 1374356 kB
VmRSS:	  862624 kB
VmHWM:	 1374356 kB
VmRSS:	  862216 kB
VmHWM:	 1374356 kB
VmRSS:	  862084 kB
VmHWM:	 1374356 kB
VmRSS:	  863024 kB
VmHWM:	 1374356 kB
VmRSS:	  862508 kB
VmHWM:	 1374356 kB
VmRSS:	  862556 kB
VmHWM:	 1374356 kB
VmRSS:	  862216 kB
VmHWM:	 1374356 kB
VmRSS:	  862304 kB
VmHWM:	 1374356 kB
VmRSS:	  862808 kB
VmHWM:	 1374356 kB
VmRSS:	  862188 kB
VmHWM:	 1374356 kB
VmRSS:	  862024 kB
VmHWM:	 1374356 kB
VmRSS:	  861972 kB
VmHWM:	 1374356 kB
VmRSS:	  862608 kB
VmHWM:	 1374356 kB
VmRSS:	  862100 kB
VmHWM:	 1374356 kB
VmRSS:	  862228 kB
VmHWM:	 1374356 kB
VmRSS:	  862388 kB
VmHWM:	 1374356 kB
VmRSS:	  862464 kB
VmHWM:	 1374356 kB
VmRSS:	  862488 kB
VmHWM:	 1374356 kB
VmRSS:	  862032 kB
VmHWM:	 1374356 kB
VmRSS:	  862208 kB
VmHWM:	 1374356 kB
VmRSS:	  862444 kB
VmHWM:	 1374356 kB
VmRSS:	  862544 kB
VmHWM:	 1374356 kB
VmRSS:	  862656 kB
VmHWM:	 1374356 kB
VmRSS:	  862092 kB
VmHWM:	 1374356 kB
VmRSS:	  862056 kB
VmHWM:	 1374356 kB
VmRSS:	  862096 kB
VmHWM:	 1374356 kB
VmRSS:	  862052 kB
VmHWM:	 1374356 kB
VmRSS:	  862260 kB
VmHWM:	 1374356 kB
VmRSS:	  861896 kB
VmHWM:	 1374356 kB
VmRSS:	  861860 kB
VmHWM:	 1374356 kB
VmRSS:	  901232 kB
VmHWM:	 1374356 kB
VmRSS:	  852216 kB
VmHWM:	 1374356 kB
VmRSS:	  846996 kB
VmHWM:	 1374356 kB
VmRSS:	  843816 kB
VmHWM:	 1374356 kB
VmRSS:	  843528 kB
VmHWM:	 1374356 kB
VmRSS:	  841452 kB
VmHWM:	 1374356 kB
VmRSS:	  832860 kB
VmHWM:	 1374356 kB
VmRSS:	  830104 kB
VmHWM:	 1374356 kB
VmRSS:	  828960 kB
VmHWM:	 1374356 kB
VmRSS:	  826176 kB
VmHWM:	 1374356 kB
VmRSS:	  824268 kB
VmHWM:	 1374356 kB
VmRSS:	  824476 kB
VmHWM:	 1374356 kB
VmRSS:	  824772 kB
VmHWM:	 1374356 kB
VmRSS:	  824876 kB
VmHWM:	 1374356 kB
VmRSS:	  824820 kB
VmHWM:	 1374356 kB
VmRSS:	  980020 kB
VmHWM:	 1374356 kB
VmRSS:	  976816 kB
VmHWM:	 1374356 kB
VmRSS:	  963920 kB
VmHWM:	 1374356 kB
VmRSS:	  469280 kB
