-- Install configuration: ""
-- Installing: C:/Users/aruns/StudioProjects/ImageSpeech/benchmarks/navidc/spirv-install/include/spirv
-- Installing: C:/Users/aruns/StudioProjects/ImageSpeech/benchmarks/navidc/spirv-install/include/spirv/1.0
-- Installing: C:/Users/aruns/StudioProjects/ImageSpeech/benchmarks/navidc/spirv-install/include/spirv/1.0/extinst.glsl.std.450.grammar.json
-- Installing: C:/Users/aruns/StudioProjects/ImageSpeech/benchmarks/navidc/spirv-install/include/spirv/1.0/extinst.opencl.std.100.grammar.json
-- Installing: C:/Users/aruns/StudioProjects/ImageSpeech/benchmarks/navidc/spirv-install/include/spirv/1.0/GLSL.std.450.h
-- Installing: C:/Users/aruns/StudioProjects/ImageSpeech/benchmarks/navidc/spirv-install/include/spirv/1.0/OpenCL.std.h
-- Installing: C:/Users/aruns/StudioProjects/ImageSpeech/benchmarks/navidc/spirv-install/include/spirv/1.0/spirv.core.grammar.json
-- Installing: C:/Users/aruns/StudioProjects/ImageSpeech/benchmarks/navidc/spirv-install/include/spirv/1.0/spirv.cs
-- Installing: C:/Users/aruns/StudioProjects/ImageSpeech/benchmarks/navidc/spirv-install/include/spirv/1.0/spirv.h
-- Installing: C:/Users/aruns/StudioProjects/ImageSpeech/benchmarks/navidc/spirv-install/include/spirv/1.0/spirv.hpp
-- Installing: C:/Users/aruns/StudioProjects/ImageSpeech/benchmarks/navidc/spirv-install/include/spirv/1.0/spirv.hpp11
-- Installing: C:/Users/aruns/StudioProjects/ImageSpeech/benchmarks/navidc/spirv-install/include/spirv/1.0/spirv.json
-- Installing: C:/Users/aruns/StudioProjects/ImageSpeech/benchmarks/navidc/spirv-install/include/spirv/1.0/spirv.lua
-- Installing: C:/Users/aruns/StudioProjects/ImageSpeech/benchmarks/navidc/spirv-install/include/spirv/1.0/spirv.py
-- Installing: C:/Users/aruns/StudioProjects/ImageSpeech/benchmarks/navidc/spirv-install/include/spirv/1.1
-- Installing: C:/Users/aruns/StudioProjects/ImageSpeech/benchmarks/navidc/spirv-install/include/spirv/1.1/extinst.glsl.std.450.grammar.json
-- Installing: C:/Users/aruns/StudioProjects/ImageSpeech/benchmarks/navidc/spirv-install/include/spirv/1.1/extinst.opencl.std.100.grammar.json
-- Installing: C:/Users/aruns/StudioProjects/ImageSpeech/benchmarks/navidc/spirv-install/include/spirv/1.1/GLSL.std.450.h
-- Installing: C:/Users/aruns/StudioProjects/ImageSpeech/benchmarks/navidc/spirv-install/include/spirv/1.1/OpenCL.std.h
-- Installing: C:/Users/aruns/StudioProjects/ImageSpeech/benchmarks/navidc/spirv-install/include/spirv/1.1/spirv.core.grammar.json
-- Installing: C:/Users/aruns/StudioProjects/ImageSpeech/benchmarks/navidc/spirv-install/include/spirv/1.1/spirv.cs
-- Installing: C:/Users/aruns/StudioProjects/ImageSpeech/benchmarks/navidc/spirv-install/include/spirv/1.1/spirv.h
-- Installing: C:/Users/aruns/StudioProjects/ImageSpeech/benchmarks/navidc/spirv-install/include/spirv/1.1/spirv.hpp
-- Installing: C:/Users/aruns/StudioProjects/ImageSpeech/benchmarks/navidc/spirv-install/include/spirv/1.1/spirv.hpp11
-- Installing: C:/Users/aruns/StudioProjects/ImageSpeech/benchmarks/navidc/spirv-install/include/spirv/1.1/spirv.json
-- Installing: C:/Users/aruns/StudioProjects/ImageSpeech/benchmarks/navidc/spirv-install/include/spirv/1.1/spirv.lua
-- Installing: C:/Users/aruns/StudioProjects/ImageSpeech/benchmarks/navidc/spirv-install/include/spirv/1.1/spirv.py
-- Installing: C:/Users/aruns/StudioProjects/ImageSpeech/benchmarks/navidc/spirv-install/include/spirv/1.2
-- Installing: C:/Users/aruns/StudioProjects/ImageSpeech/benchmarks/navidc/spirv-install/include/spirv/1.2/extinst.glsl.std.450.grammar.json
-- Installing: C:/Users/aruns/StudioProjects/ImageSpeech/benchmarks/navidc/spirv-install/include/spirv/1.2/extinst.opencl.std.100.grammar.json
-- Installing: C:/Users/aruns/StudioProjects/ImageSpeech/benchmarks/navidc/spirv-install/include/spirv/1.2/GLSL.std.450.h
-- Installing: C:/Users/aruns/StudioProjects/ImageSpeech/benchmarks/navidc/spirv-install/include/spirv/1.2/OpenCL.std.h
-- Installing: C:/Users/aruns/StudioProjects/ImageSpeech/benchmarks/navidc/spirv-install/include/spirv/1.2/spirv.core.grammar.json
-- Installing: C:/Users/aruns/StudioProjects/ImageSpeech/benchmarks/navidc/spirv-install/include/spirv/1.2/spirv.cs
-- Installing: C:/Users/aruns/StudioProjects/ImageSpeech/benchmarks/navidc/spirv-install/include/spirv/1.2/spirv.h
-- Installing: C:/Users/aruns/StudioProjects/ImageSpeech/benchmarks/navidc/spirv-install/include/spirv/1.2/spirv.hpp
-- Installing: C:/Users/aruns/StudioProjects/ImageSpeech/benchmarks/navidc/spirv-install/include/spirv/1.2/spirv.hpp11
-- Installing: C:/Users/aruns/StudioProjects/ImageSpeech/benchmarks/navidc/spirv-install/include/spirv/1.2/spirv.json
-- Installing: C:/Users/aruns/StudioProjects/ImageSpeech/benchmarks/navidc/spirv-install/include/spirv/1.2/spirv.lua
-- Installing: C:/Users/aruns/StudioProjects/ImageSpeech/benchmarks/navidc/spirv-install/include/spirv/1.2/spirv.py
-- Installing: C:/Users/aruns/StudioProjects/ImageSpeech/benchmarks/navidc/spirv-install/include/spirv/spir-v.xml
-- Installing: C:/Users/aruns/StudioProjects/ImageSpeech/benchmarks/navidc/spirv-install/include/spirv/unified1
-- Installing: C:/Users/aruns/StudioProjects/ImageSpeech/benchmarks/navidc/spirv-install/include/spirv/unified1/AMD_gcn_shader.h
-- Installing: C:/Users/aruns/StudioProjects/ImageSpeech/benchmarks/navidc/spirv-install/include/spirv/unified1/AMD_shader_ballot.h
-- Installing: C:/Users/aruns/StudioProjects/ImageSpeech/benchmarks/navidc/spirv-install/include/spirv/unified1/AMD_shader_explicit_vertex_parameter.h
-- Installing: C:/Users/aruns/StudioProjects/ImageSpeech/benchmarks/navidc/spirv-install/include/spirv/unified1/AMD_shader_trinary_minmax.h
-- Installing: C:/Users/aruns/StudioProjects/ImageSpeech/benchmarks/navidc/spirv-install/include/spirv/unified1/ArmExperimentalMLOperations.h
-- Installing: C:/Users/aruns/StudioProjects/ImageSpeech/benchmarks/navidc/spirv-install/include/spirv/unified1/ArmMotionEngine.100.h
-- Installing: C:/Users/aruns/StudioProjects/ImageSpeech/benchmarks/navidc/spirv-install/include/spirv/unified1/DebugInfo.h
-- Installing: C:/Users/aruns/StudioProjects/ImageSpeech/benchmarks/navidc/spirv-install/include/spirv/unified1/extinst.arm.experimental-ml-operations.grammar.json
-- Installing: C:/Users/aruns/StudioProjects/ImageSpeech/benchmarks/navidc/spirv-install/include/spirv/unified1/extinst.arm.motion-engine.100.grammar.json
-- Installing: C:/Users/aruns/StudioProjects/ImageSpeech/benchmarks/navidc/spirv-install/include/spirv/unified1/extinst.debuginfo.grammar.json
-- Installing: C:/Users/aruns/StudioProjects/ImageSpeech/benchmarks/navidc/spirv-install/include/spirv/unified1/extinst.glsl.std.450.grammar.json
-- Installing: C:/Users/aruns/StudioProjects/ImageSpeech/benchmarks/navidc/spirv-install/include/spirv/unified1/extinst.nonsemantic.clspvreflection.grammar.json
-- Installing: C:/Users/aruns/StudioProjects/ImageSpeech/benchmarks/navidc/spirv-install/include/spirv/unified1/extinst.nonsemantic.debugbreak.grammar.json
-- Installing: C:/Users/aruns/StudioProjects/ImageSpeech/benchmarks/navidc/spirv-install/include/spirv/unified1/extinst.nonsemantic.debugprintf.grammar.json
-- Installing: C:/Users/aruns/StudioProjects/ImageSpeech/benchmarks/navidc/spirv-install/include/spirv/unified1/extinst.nonsemantic.graph.debuginfo.grammar.json
-- Installing: C:/Users/aruns/StudioProjects/ImageSpeech/benchmarks/navidc/spirv-install/include/spirv/unified1/extinst.nonsemantic.shader.debuginfo.100.grammar.json
-- Installing: C:/Users/aruns/StudioProjects/ImageSpeech/benchmarks/navidc/spirv-install/include/spirv/unified1/extinst.nonsemantic.shader.debuginfo.grammar.json
-- Installing: C:/Users/aruns/StudioProjects/ImageSpeech/benchmarks/navidc/spirv-install/include/spirv/unified1/extinst.nonsemantic.vkspreflection.grammar.json
-- Installing: C:/Users/aruns/StudioProjects/ImageSpeech/benchmarks/navidc/spirv-install/include/spirv/unified1/extinst.opencl.debuginfo.100.grammar.json
-- Installing: C:/Users/aruns/StudioProjects/ImageSpeech/benchmarks/navidc/spirv-install/include/spirv/unified1/extinst.opencl.std.100.grammar.json
-- Installing: C:/Users/aruns/StudioProjects/ImageSpeech/benchmarks/navidc/spirv-install/include/spirv/unified1/extinst.spv-amd-gcn-shader.grammar.json
-- Installing: C:/Users/aruns/StudioProjects/ImageSpeech/benchmarks/navidc/spirv-install/include/spirv/unified1/extinst.spv-amd-shader-ballot.grammar.json
-- Installing: C:/Users/aruns/StudioProjects/ImageSpeech/benchmarks/navidc/spirv-install/include/spirv/unified1/extinst.spv-amd-shader-explicit-vertex-parameter.grammar.json
-- Installing: C:/Users/aruns/StudioProjects/ImageSpeech/benchmarks/navidc/spirv-install/include/spirv/unified1/extinst.spv-amd-shader-trinary-minmax.grammar.json
-- Installing: C:/Users/aruns/StudioProjects/ImageSpeech/benchmarks/navidc/spirv-install/include/spirv/unified1/extinst.tosa.001000.1.grammar.json
-- Installing: C:/Users/aruns/StudioProjects/ImageSpeech/benchmarks/navidc/spirv-install/include/spirv/unified1/GLSL.std.450.h
-- Installing: C:/Users/aruns/StudioProjects/ImageSpeech/benchmarks/navidc/spirv-install/include/spirv/unified1/NonSemanticClspvReflection.h
-- Installing: C:/Users/aruns/StudioProjects/ImageSpeech/benchmarks/navidc/spirv-install/include/spirv/unified1/NonSemanticDebugBreak.h
-- Installing: C:/Users/aruns/StudioProjects/ImageSpeech/benchmarks/navidc/spirv-install/include/spirv/unified1/NonSemanticDebugPrintf.h
-- Installing: C:/Users/aruns/StudioProjects/ImageSpeech/benchmarks/navidc/spirv-install/include/spirv/unified1/NonSemanticGraphDebugInfo.h
-- Installing: C:/Users/aruns/StudioProjects/ImageSpeech/benchmarks/navidc/spirv-install/include/spirv/unified1/NonSemanticShaderDebugInfo.h
-- Installing: C:/Users/aruns/StudioProjects/ImageSpeech/benchmarks/navidc/spirv-install/include/spirv/unified1/NonSemanticShaderDebugInfo100.h
-- Installing: C:/Users/aruns/StudioProjects/ImageSpeech/benchmarks/navidc/spirv-install/include/spirv/unified1/NonSemanticVkspReflection.h
-- Installing: C:/Users/aruns/StudioProjects/ImageSpeech/benchmarks/navidc/spirv-install/include/spirv/unified1/OpenCL.std.h
-- Installing: C:/Users/aruns/StudioProjects/ImageSpeech/benchmarks/navidc/spirv-install/include/spirv/unified1/OpenCLDebugInfo100.h
-- Installing: C:/Users/aruns/StudioProjects/ImageSpeech/benchmarks/navidc/spirv-install/include/spirv/unified1/org
-- Installing: C:/Users/aruns/StudioProjects/ImageSpeech/benchmarks/navidc/spirv-install/include/spirv/unified1/org/khronos
-- Installing: C:/Users/aruns/StudioProjects/ImageSpeech/benchmarks/navidc/spirv-install/include/spirv/unified1/org/khronos/spv
-- Installing: C:/Users/aruns/StudioProjects/ImageSpeech/benchmarks/navidc/spirv-install/include/spirv/unified1/org/khronos/spv/Spv.java
-- Installing: C:/Users/aruns/StudioProjects/ImageSpeech/benchmarks/navidc/spirv-install/include/spirv/unified1/spirv.bf
-- Installing: C:/Users/aruns/StudioProjects/ImageSpeech/benchmarks/navidc/spirv-install/include/spirv/unified1/spirv.core.grammar.json
-- Installing: C:/Users/aruns/StudioProjects/ImageSpeech/benchmarks/navidc/spirv-install/include/spirv/unified1/spirv.cs
-- Installing: C:/Users/aruns/StudioProjects/ImageSpeech/benchmarks/navidc/spirv-install/include/spirv/unified1/spirv.h
-- Installing: C:/Users/aruns/StudioProjects/ImageSpeech/benchmarks/navidc/spirv-install/include/spirv/unified1/spirv.hpp
-- Installing: C:/Users/aruns/StudioProjects/ImageSpeech/benchmarks/navidc/spirv-install/include/spirv/unified1/spirv.hpp11
-- Installing: C:/Users/aruns/StudioProjects/ImageSpeech/benchmarks/navidc/spirv-install/include/spirv/unified1/spirv.json
-- Installing: C:/Users/aruns/StudioProjects/ImageSpeech/benchmarks/navidc/spirv-install/include/spirv/unified1/spirv.lua
-- Installing: C:/Users/aruns/StudioProjects/ImageSpeech/benchmarks/navidc/spirv-install/include/spirv/unified1/spirv.py
-- Installing: C:/Users/aruns/StudioProjects/ImageSpeech/benchmarks/navidc/spirv-install/include/spirv/unified1/spv.d
-- Installing: C:/Users/aruns/StudioProjects/ImageSpeech/benchmarks/navidc/spirv-install/include/spirv/unified1/TOSA.001000.1.h
-- Installing: C:/Users/aruns/StudioProjects/ImageSpeech/benchmarks/navidc/spirv-install/share/cmake/SPIRV-Headers/SPIRV-HeadersConfigVersion.cmake
-- Installing: C:/Users/aruns/StudioProjects/ImageSpeech/benchmarks/navidc/spirv-install/share/cmake/SPIRV-Headers/SPIRV-HeadersConfig.cmake
-- Installing: C:/Users/aruns/StudioProjects/ImageSpeech/benchmarks/navidc/spirv-install/share/pkgconfig/SPIRV-Headers.pc
